// Jest Snapshot v1, https://goo.gl/fbAQLP

exports[`FilterForm matches a snapshot 1`] = `
<Fragment>
  <label
    className="questionLabel"
  >
    By Question:
    <input
      name="searchTerm"
      onChange={[MockFunction]}
      type="text"
      value="TA"
    />
  </label>
</Fragment>
`;
